// Jest Snapshot v1, https://goo.gl/fbAQLP

exports[`should correctly render confirmation modal 1`] = `
<Modal
  ariaHideApp={false}
  bodyOpenClassName="ReactModal__Body--open"
  className="modal"
  closeTime={200}
  closeTimeoutMS={0}
  contentLabel="Confirmation Modal"
  isOpen={false}
  parentSelector={[Function]}
  portalClassName="ReactModalPortal"
  shouldCloseOnEsc={true}
  shouldCloseOnOverlayClick={true}
  shouldFocusAfterRender={true}
  shouldReturnFocusAfterClose={true}
>
  <h2
    className="modal__title"
  >
    Confirmation
  </h2>
  <p
    className="modal__body"
  >
    Are you sure to delete '
    <span />
    ' item?
  </p>
  <div
    className="modal__answers"
  >
    <button
      className="btn"
      onClick={[Function]}
    >
      Yes
    </button>
    <button
      className="btn"
    >
      No
    </button>
  </div>
</Modal>
`;
