// Jest Snapshot v1, https://goo.gl/fbAQLP

exports[`should render ExpenseListItem with expense 1`] = `
<div
  className="Item"
>
  <Link
    replace={false}
    to="edit/1"
  >
    <h2>
      Rent
    </h2>
  </Link>
  <p>
    $0.44
  </p>
  0
</div>
`;
