// Jest Snapshot v1, https://goo.gl/fbAQLP

exports[`should render ExpenseDashboardPage correclty 1`] = `
<div
  className="ExpenseDashboardPage"
>
  <Connect(ExpenseListFilters) />
  <Connect(ExpenseList) />
</div>
`;
