// Jest Snapshot v1, https://goo.gl/fbAQLP

exports[`should render Header correctly 1`] = `
<header>
  <h1>
    Expensify
  </h1>
  <nav>
    <NavLink
      activeClassName="active"
      ariaCurrent="true"
      exact={true}
      to="/"
    >
      Dashboard
    </NavLink>
    <NavLink
      activeClassName="active"
      ariaCurrent="true"
      to="/create"
    >
      Create Expense
    </NavLink>
    <NavLink
      activeClassName="active"
      ariaCurrent="true"
      to="/help"
    >
      Help
    </NavLink>
  </nav>
</header>
`;
