// Jest Snapshot v1, https://goo.gl/fbAQLP

exports[`should correctly render Login component 1`] = `
<div
  className="login-page"
>
  <button
    onClick={[Function]}
  >
    Login
  </button>
</div>
`;
